com/turf/booking/entity/User.class
com/turf/booking/repository/UserRepository.class
com/turf/booking/service/DataSeeder.class
com/turf/booking/dto/BookingResponse$BookingResponseBuilder.class
com/turf/booking/repository/TurfRepository.class
com/turf/booking/dto/LoginRequest.class
com/turf/booking/config/JwtUtils.class
com/turf/booking/entity/Slot$SlotBuilder.class
com/turf/booking/service/SlotService.class
com/turf/booking/dto/BookingResponse.class
com/turf/booking/controller/TurfController.class
com/turf/booking/entity/Booking$PaymentStatus.class
com/turf/booking/entity/Slot$Status.class
com/turf/booking/controller/SlotController.class
com/turf/booking/entity/Turf$TurfBuilder.class
com/turf/booking/repository/BookingRepository.class
com/turf/booking/dto/AuthResponse.class
com/turf/booking/repository/SlotRepository.class
com/turf/booking/controller/BookingController.class
com/turf/booking/service/OtpService$OtpEntry.class
com/turf/booking/entity/Turf.class
com/turf/booking/dto/OtpRequest.class
com/turf/booking/entity/Slot.class
com/turf/booking/config/JwtAuthFilter.class
com/turf/booking/config/StringListConverter.class
com/turf/booking/config/SecurityConfig.class
com/turf/booking/dto/RegisterRequest.class
com/turf/booking/entity/Booking$BookingBuilder.class
com/turf/booking/dto/BookingRequest.class
com/turf/booking/entity/Booking$BookingStatus.class
com/turf/booking/service/OtpService.class
com/turf/booking/dto/AuthResponse$AuthResponseBuilder.class
com/turf/booking/service/BookingService.class
com/turf/booking/entity/User$Role.class
com/turf/booking/entity/Booking.class
com/turf/booking/TurfBookingApplication.class
com/turf/booking/controller/AuthController.class
com/turf/booking/controller/ApiExceptionHandler.class
com/turf/booking/service/AuthService.class
com/turf/booking/entity/User$UserBuilder.class
com/turf/booking/service/TurfService.class
