/Users/sivaprasadponduru/VS Code/turf-booking/src/main/java/com/turf/booking/controller/BookingController.java
/Users/sivaprasadponduru/VS Code/turf-booking/src/main/java/com/turf/booking/dto/OtpRequest.java
/Users/sivaprasadponduru/VS Code/turf-booking/src/main/java/com/turf/booking/config/JwtUtils.java
/Users/sivaprasadponduru/VS Code/turf-booking/src/main/java/com/turf/booking/controller/SlotController.java
/Users/sivaprasadponduru/VS Code/turf-booking/src/main/java/com/turf/booking/dto/BookingResponse.java
/Users/sivaprasadponduru/VS Code/turf-booking/src/main/java/com/turf/booking/config/JwtAuthFilter.java
/Users/sivaprasadponduru/VS Code/turf-booking/src/main/java/com/turf/booking/controller/AuthController.java
/Users/sivaprasadponduru/VS Code/turf-booking/src/main/java/com/turf/booking/entity/Slot.java
/Users/sivaprasadponduru/VS Code/turf-booking/src/main/java/com/turf/booking/config/SecurityConfig.java
/Users/sivaprasadponduru/VS Code/turf-booking/src/main/java/com/turf/booking/dto/RegisterRequest.java
/Users/sivaprasadponduru/VS Code/turf-booking/src/main/java/com/turf/booking/service/TurfService.java
/Users/sivaprasadponduru/VS Code/turf-booking/src/main/java/com/turf/booking/service/SlotService.java
/Users/sivaprasadponduru/VS Code/turf-booking/src/main/java/com/turf/booking/service/DataSeeder.java
/Users/sivaprasadponduru/VS Code/turf-booking/src/main/java/com/turf/booking/service/BookingService.java
/Users/sivaprasadponduru/VS Code/turf-booking/src/main/java/com/turf/booking/dto/AuthResponse.java
/Users/sivaprasadponduru/VS Code/turf-booking/src/main/java/com/turf/booking/service/OtpService.java
/Users/sivaprasadponduru/VS Code/turf-booking/src/main/java/com/turf/booking/controller/ApiExceptionHandler.java
/Users/sivaprasadponduru/VS Code/turf-booking/src/main/java/com/turf/booking/controller/TurfController.java
/Users/sivaprasadponduru/VS Code/turf-booking/src/main/java/com/turf/booking/repository/UserRepository.java
/Users/sivaprasadponduru/VS Code/turf-booking/src/main/java/com/turf/booking/dto/LoginRequest.java
/Users/sivaprasadponduru/VS Code/turf-booking/src/main/java/com/turf/booking/entity/User.java
/Users/sivaprasadponduru/VS Code/turf-booking/src/main/java/com/turf/booking/repository/BookingRepository.java
/Users/sivaprasadponduru/VS Code/turf-booking/src/main/java/com/turf/booking/repository/SlotRepository.java
/Users/sivaprasadponduru/VS Code/turf-booking/src/main/java/com/turf/booking/dto/BookingRequest.java
/Users/sivaprasadponduru/VS Code/turf-booking/src/main/java/com/turf/booking/entity/Turf.java
/Users/sivaprasadponduru/VS Code/turf-booking/src/main/java/com/turf/booking/service/AuthService.java
/Users/sivaprasadponduru/VS Code/turf-booking/src/main/java/com/turf/booking/config/StringListConverter.java
/Users/sivaprasadponduru/VS Code/turf-booking/src/main/java/com/turf/booking/TurfBookingApplication.java
/Users/sivaprasadponduru/VS Code/turf-booking/src/main/java/com/turf/booking/repository/TurfRepository.java
/Users/sivaprasadponduru/VS Code/turf-booking/src/main/java/com/turf/booking/entity/Booking.java
